cl : command line  warning D9035: option 'Gm' has been deprecated and will be removed in a future release
  Player.cpp
  EnemyClass.cpp
D:\Personal Projects\Working Title - Kryptos\Kryptos\Engine\Source\EnemyClass\EnemyClass.cpp(1,1): warning C4828: The file contains a character starting at offset 0x5ac that is illegal in the current source character set (codepage 65001).
  HealthBar.cpp
  Generating Code...
  Skipping... (no relevant changes detected)
  SpriteRendererLogger.cpp
  SpriteRenderer.cpp
  GameObject.cpp
  GameObjectManager.cpp
  Logger.cpp
  DebugWindowLogger.cpp
  EngineInit.cpp
  PlatformFactory.cpp
  Platform.cpp
  Collider2D.cpp
  CameraController.cpp
  DebugWindow.cpp
  EnvironmentGenerator.cpp
  KryptosEngine.vcxproj -> D:\Personal Projects\Working Title - Kryptos\Kryptos\Engine\x64\Debug\Engine.lib
  7 File(s) copied
