D:\VisualStudio\MSBuild\Microsoft\VC\v170\Microsoft.CppBuild.targets(531,5): warning MSB8028: The intermediate directory (x64\Debug\) contains files shared from another project (KryptosEngine.vcxproj).  This can lead to incorrect clean and rebuild behavior.
  EnemyBase.cpp
  EnemyClass.cpp
  CameraController.cpp
  Collider2D.cpp
  EnvironmentGenerator.cpp
  Platform.cpp
  PlatformFactory.cpp
  EngineInit.cpp
  DebugWindowLogger.cpp
  Logger.cpp
  GameObjectManager.cpp
  DebugWindow.cpp
  GameObject.cpp
  Player.cpp
  SpriteRenderer.cpp
  SpriteRendererLogger.cpp
  Generating Code...
  KryptosEngine.vcxproj -> D:\Personal Projects\Working Title - Kryptos\Kryptos\Engine\x64\Debug\Engine.lib
  3 File(s) copied
