d:\personal projects\working title - kryptos\kryptos\engine\kryptosengine\x64\debug\kryptosengine.pdb
d:\personal projects\working title - kryptos\kryptos\engine\kryptosengine\x64\debug\kryptosengine.idb
d:\personal projects\working title - kryptos\kryptos\engine\kryptosengine\x64\debug\environmentgenerator.obj
d:\personal projects\working title - kryptos\kryptos\engine\kryptosengine\x64\debug\platformfactory.obj
d:\personal projects\working title - kryptos\kryptos\engine\kryptosengine\x64\debug\platform.obj
d:\personal projects\working title - kryptos\kryptos\engine\kryptosengine\x64\debug\engineinit.obj
d:\personal projects\working title - kryptos\kryptos\engine\kryptosengine\x64\debug\spriterendererlogger.obj
d:\personal projects\working title - kryptos\kryptos\engine\kryptosengine\x64\debug\spriterenderer.obj
d:\personal projects\working title - kryptos\kryptos\engine\kryptosengine\x64\debug\player.obj
d:\personal projects\working title - kryptos\kryptos\engine\kryptosengine\x64\debug\gameobject.obj
d:\personal projects\working title - kryptos\kryptos\engine\kryptosengine\x64\debug\gameobjectmanager.obj
d:\personal projects\working title - kryptos\kryptos\engine\kryptosengine\x64\debug\logger.obj
d:\personal projects\working title - kryptos\kryptos\engine\kryptosengine\x64\debug\debugwindowlogger.obj
d:\personal projects\working title - kryptos\kryptos\engine\kryptosengine\x64\debug\debugwindow.obj
d:\personal projects\working title - kryptos\kryptos\engine\kryptosengine\x64\debug\kryptosengine.lib
d:\personal projects\working title - kryptos\kryptos\engine\kryptosengine\x64\debug\kryptosengine.tlog\cl.command.1.tlog
d:\personal projects\working title - kryptos\kryptos\engine\kryptosengine\x64\debug\kryptosengine.tlog\cl.items.tlog
d:\personal projects\working title - kryptos\kryptos\engine\kryptosengine\x64\debug\kryptosengine.tlog\cl.read.1.tlog
d:\personal projects\working title - kryptos\kryptos\engine\kryptosengine\x64\debug\kryptosengine.tlog\cl.write.1.tlog
d:\personal projects\working title - kryptos\kryptos\engine\kryptosengine\x64\debug\kryptosengine.tlog\lib-link.read.1.tlog
d:\personal projects\working title - kryptos\kryptos\engine\kryptosengine\x64\debug\kryptosengine.tlog\lib-link.write.1.tlog
d:\personal projects\working title - kryptos\kryptos\engine\kryptosengine\x64\debug\kryptosengine.tlog\lib.command.1.tlog
